// Jest Snapshot v1, https://goo.gl/fbAQLP

exports[`RowItem should render row item 1`] = `
<div
  className="row"
  onClick={[MockFunction]}
>
  <div
    className="cell"
  >
    Jack
  </div>
  <div
    className="cell"
  >
    177
  </div>
  <div
    className="cell"
  >
    168
  </div>
</div>
`;
